#-----------------------------------------------------------
# Vivado v2020.2 (64-bit)
# SW Build 3064766 on Wed Nov 18 09:12:45 MST 2020
# IP Build 3064653 on Wed Nov 18 14:17:31 MST 2020
# Start of session at: Thu Jul 21 19:18:45 2022
# Process ID: 46224
# Current directory: C:/Users/Om Aman Rattan Sher/OneDrive/Documents/GitHub/Image-Processing-Using-FPGAs/src/DOCUMENTATION/fgpanew
# Command line: vivado.exe -gui_launcher_event rodinguilauncherevent47604 C:\Users\Om Aman Rattan Sher\OneDrive\Documents\GitHub\Image-Processing-Using-FPGAs\src\DOCUMENTATION\fgpanew\fgpanew.xpr
# Log file: C:/Users/Om Aman Rattan Sher/OneDrive/Documents/GitHub/Image-Processing-Using-FPGAs/src/DOCUMENTATION/fgpanew/vivado.log
# Journal file: C:/Users/Om Aman Rattan Sher/OneDrive/Documents/GitHub/Image-Processing-Using-FPGAs/src/DOCUMENTATION/fgpanew\vivado.jou
#-----------------------------------------------------------
start_gui
open_project {C:/Users/Om Aman Rattan Sher/OneDrive/Documents/GitHub/Image-Processing-Using-FPGAs/src/DOCUMENTATION/fgpanew/fgpanew.xpr}
update_compile_order -fileset sources_1
